?? 撌脰???5 ?董??

=== ??蝚?1 ?董??===
?? ?餃蝬脣?: https://feracheval.cyberbiz.co/admin
? 撣唾?: sunny.hsieh@starthem.com.tw
? 摨??迂: feracheval
?? ?脣?頝臬?: C:\trans\cyberbiz\
?? 瑼Ｘ?臬?誨??蝒?..
??撌脤??誨??蝒?(?寞?2: ????)
?? 蝘餃?曌??啣椰?港誑憿舐內?...
??撌脤??恣?葉敹???撌脤???撣喃葉敹?
??蝑?撠董銝剖????嚗?0蝘瘥?蝘???甈?..

?? ??蝚?1 ??0蝘儐??..
  ??撌脫???0 蝘??芣?唳???3蝘?????..
  ??撌脫???3 蝘??芣?唳???3蝘?????..
???曉銝?撠董?格????撌脣?頛?
?? ???交撌脤?摰?撠董?桀???..
?? ?嗅??交?: 2026撟???2??? ?隞予??2??> 15)嚗??交?祆? 1-15 ??獢?? ?格?: 撠蝚砌???銝?????撣喳

  'tr' ?曉 0 銵?  'div' ?曉 308 ??蝝?
?曉 308 銵???

???曉??頛???撠董?? 





<div class='announcement'>
<div class='alert alert-danger'>
<h4>
<i class='icon-exclamation bi
  ? ??銝?...
??撠董?桀歇銝??? C:\trans\cyberbiz\feracheval-20260101-20260115.xlsx

=== ??蝚?2 ?董??===
?? ?餃蝬脣?: https://naturefcshop.cyberbiz.co/admin
? 撣唾?: sunny.hsieh@starthem.com.tw
? 摨??迂: naturefcshop
?? ?脣?頝臬?: C:\trans\cyberbiz\
?? 瑼Ｘ?臬?誨??蝒?..
??撌脤??誨??蝒?(?寞?2: ????)
?? 蝘餃?曌??啣椰?港誑憿舐內?...
??撌脤??恣?葉敹???撌脤???撣喃葉敹?
??蝑?撠董銝剖????嚗?0蝘瘥?蝘???甈?..

?? ??蝚?1 ??0蝘儐??..
  ??撌脫???0 蝘??芣?唳???3蝘?????..
  ??撌脫???3 蝘??芣?唳???3蝘?????..
  ??撌脫???6 蝘??芣?唳???3蝘?????..
???曉銝?撠董?格????撌脣?頛?
?? ???交撌脤?摰?撠董?桀???..
?? ?嗅??交?: 2026撟???2??? ?隞予??2??> 15)嚗??交?祆? 1-15 ??獢?? ?格?: 撠蝚砌???銝?????撣喳

  'tr' ?曉 0 銵?  'div' ?曉 308 ??蝝?
?曉 308 銵???

???曉??頛???撠董?? 





<div class='announcement'>
<div class='alert alert-danger'>
<h4>
<i class='icon-exclamation bi
???曉??頛???撠董?? 



<div class='announcement'>
<div class='alert alert-danger'>
<h4>
<i class='icon-exclamation bigg
???曉??頛???撠董?? 


<div class='announcement'>
<div class='alert alert-danger'>
<h4>
<i class='icon-exclamation bigge
???曉??頛???撠董?? 

<div class='announcement'>
<div class='alert alert-danger'>
<h4>
<i class='icon-exclamation bigger
???曉??頛???撠董?? 撠董銝剖?撣單狡?芸?蝣箄?甈狡?芸???像撠董?桀?銵刻??桀?銵典?撣喳?”撣單????券?憪?隞踝?蝯??遢???亦??交狡撣單撠董???026/01/16 ~ 2026/01/31撅??敦???交狡??
  	.td82e
???曉??頛???撠董?? 撠董銝剖?撣單狡?芸?蝣箄?甈狡?芸???像撠董?桀?銵刻??桀?銵典?撣喳?”撣單????券?憪?隞踝?蝯??遢???亦??交狡撣單撠董???026/01/16 ~ 2026/01/31撅??敦???交狡??
  	.td82e
???曉??頛???撠董?? 撠董銝剖?撣單狡?芸?蝣箄?甈狡?芸???像撠董?桀?銵刻??桀?銵典?撣喳?”撣單????券?憪?隞踝?蝯??遢???亦??交狡撣單撠董???026/01/16 ~ 2026/01/31撅??敦???交狡??
  	.td82e
???曉??頛???撠董?? 撠董?桀?銵典董????券?憪?隞踝?蝯??遢???亦??交狡撣單撠董???026/01/16 ~ 2026/01/31撅??敦???交狡??
  	.td82e57a5-9c2b-48cf-8171-c48e2
???曉??頛???撠董?? 撠董???026/01/16 ~ 2026/01/31撅??敦???交狡??
  	.td82e57a5-9c2b-48cf-8171-c48e2c9fb825 {
	    color: #fff;

???曉??頛???撠董?? 撠董???026/01/01 ~ 2026/01/15撅??敦?交狡??
  	.t08bd9dd4-62e3-4d35-b7d5-b1d147cbc8b2 {
	    color: #fff;
	 
???曉??頛???撠董?? 撣單狡撌脩Ⅱ隤?  	.te31d94d6-4b9b-430c-909e-3768719cde96 {
	    color: #222;
	    background: #fff;
	    bord
???曉??頛???撠董?? 銝?撠董?株??格?蝝啗祥?函蟡????曉??頛???撠董?? 銝?撠董?株??格?蝝????曉??頛???撠董?? 撠董???025/12/16 ~ 2025/12/31撅??敦?交狡??
  	.t3ffdce08-1af9-4570-a18c-30c45d90f4ca {
	    color: #fff;
	 
???曉??頛???撠董?? 撣單狡撌脩Ⅱ隤?  	.te7abacdb-1084-4c0d-b9d0-acd59928f418 {
	    color: #222;
	    background: #fff;
	    bord
???曉??頛???撠董?? 銝?撠董?株??格?蝝啗祥?函蟡????曉??頛???撠董?? 銝?撠董?株??格?蝝????曉??頛???撠董?? 撠董???025/12/01 ~ 2025/12/15撅??敦?交狡??
  	.tcd744521-0fad-435c-8fc8-1f05ac4d62dc {
	    color: #fff;
	 
???曉??頛???撠董?? 撣單狡撌脩Ⅱ隤?  	.td4a2d64f-8253-488f-8038-ae3935404c61 {
	    color: #222;
	    background: #fff;
	    bord
???曉??頛???撠董?? 銝?撠董?株??格?蝝啗祥?函蟡????曉??頛???撠董?? 銝?撠董?株??格?蝝????曉??頛???撠董?? 撠董???025/11/16 ~ 2025/11/30撅??敦?交狡??
  	.tf67f64ec-d815-44a4-8326-d7a541f0d616 {
	    color: #fff;
	 
???曉??頛???撠董?? 撣單狡撌脩Ⅱ隤?  	.tb47196df-0275-45a5-88de-e6331d58b520 {
	    color: #222;
	    background: #fff;
	    bord
???曉??頛???撠董?? 銝?撠董?株??格?蝝啗祥?函蟡????曉??頛???撠董?? 銝?撠董?株??格?蝝????曉??頛???撠董?? 撠董???025/11/01 ~ 2025/11/15撅??敦?交狡??
  	.tc85e5f1e-8905-4282-86af-30482f995c65 {
	    color: #fff;
	 
???曉??頛???撠董?? 撣單狡撌脩Ⅱ隤?  	.tb0aff5b1-d5f3-4498-9996-899181a4a49a {
	    color: #222;
	    background: #fff;
	    bord
???曉??頛???撠董?? 銝?撠董?株??格?蝝啗祥?函蟡????曉??頛???撠董?? 銝?撠董?株??格?蝝????曉??頛???撠董?? 撠董???025/10/16 ~ 2025/10/31撅??敦?交狡??
  	.td08ca56e-fa3e-4fc5-a559-d30b1de6a9f7 {
	    color: #fff;
	 
???曉??頛???撠董?? 撣單狡撌脩Ⅱ隤?  	.t1d607845-f88b-4ea0-97ab-68b63850130e {
	    color: #222;
	    background: #fff;
	    bord
???曉??頛???撠董?? 銝?撠董?株??格?蝝啗祥?函蟡????曉??頛???撠董?? 銝?撠董?株??格?蝝????曉??頛???撠董?? 撠董???025/10/01 ~ 2025/10/15撅??敦?交狡??
  	.tf8678f8d-1ee0-432e-bc1d-5fa84fd4b52f {
	    color: #fff;
	 
???曉??頛???撠董?? 撣單狡撌脩Ⅱ隤?  	.tb87cfc5a-0392-4ce2-82d6-6fdd45712a94 {
	    color: #222;
	    background: #fff;
	    bord
???曉??頛???撠董?? 銝?撠董?株??格?蝝啗祥?函蟡????曉??頛???撠董?? 銝?撠董?株??格?蝝????曉??頛???撠董?? 撠董???025/09/16 ~ 2025/09/30撅??敦?交狡??
  	.t0ddf5ad7-0cad-4181-9a53-9ad73d3c569c {
	    color: #fff;
	 
???曉??頛???撠董?? 撣單狡撌脩Ⅱ隤?  	.t0b0cb3f3-903b-4851-b759-04d51493e773 {
	    color: #222;
	    background: #fff;
	    bord
???曉??頛???撠董?? 銝?撠董?株??格?蝝啗祥?函蟡????曉??頛???撠董?? 銝?撠董?株??格?蝝????曉??頛???撠董?? 撠董???025/09/01 ~ 2025/09/15撅??敦?交狡??
  	.tf6791885-21a6-4c2e-8423-b6b70262fc80 {
	    color: #fff;
	 
???曉??頛???撠董?? 撣單狡撌脩Ⅱ隤?  	.t1417b36b-1f9b-4241-b107-d81a40f5bac4 {
	    color: #222;
	    background: #fff;
	    bord
???曉??頛???撠董?? 銝?撠董?株??格?蝝啗祥?函蟡????曉??頛???撠董?? 銝?撠董?株??格?蝝????曉??頛???撠董?? 撠董???025/08/16 ~ 2025/08/31撅??敦?交狡??
  	.te4e2be9d-2e8f-4b02-9537-b6727fce3181 {
	    color: #fff;
	 
???曉??頛???撠董?? 撣單狡撌脩Ⅱ隤?  	.t2549aa9a-fa83-4ada-893a-6383dda96a7d {
	    color: #222;
	    background: #fff;
	    bord
???曉??頛???撠董?? 銝?撠董?株??格?蝝啗祥?函蟡????曉??頛???撠董?? 銝?撠董?株??格?蝝????曉??頛???撠董?? 撠董???025/08/01 ~ 2025/08/15撅??敦?交狡??
  	.tf6188f66-db76-4e56-9d58-42cf45a8fb88 {
	    color: #fff;
	 
???曉??頛???撠董?? 撣單狡撌脩Ⅱ隤?  	.tae329478-2c53-4d0e-b209-0e2d85ca66d1 {
	    color: #222;
	    background: #fff;
	    bord
???曉??頛???撠董?? 銝?撠董?株??格?蝝啗祥?函蟡????曉??頛???撠董?? 銝?撠董?株??格?蝝????芣?唬遙雿?銝?????撣喳

=== ??蝚?3 ?董??===
?? ?餃蝬脣?: https://drladyshop.cyberbiz.co/admin
? 撣唾?: sunny.hsieh@starthem.com.tw
? 摨??迂: drladyshop
?? ?脣?頝臬?: C:\trans\cyberbiz\
?? 瑼Ｘ?臬?誨??蝒?..
??撌脤??誨??蝒?(?寞?2: ????)
?? 蝘餃?曌??啣椰?港誑憿舐內?...
??撌脤??恣?葉敹???撌脤???撣喃葉敹?
??蝑?撠董銝剖????嚗?0蝘瘥?蝘???甈?..

?? ??蝚?1 ??0蝘儐??..
  ??撌脫???0 蝘??芣?唳???3蝘?????..
  ??撌脫???3 蝘??芣?唳???3蝘?????..
???曉銝?撠董?格????撌脣?頛?
?? ???交撌脤?摰?撠董?桀???..
?? ?嗅??交?: 2026撟???2??? ?隞予??2??> 15)嚗??交?祆? 1-15 ??獢?? ?格?: 撠蝚砌???銝?????撣喳

  'tr' ?曉 0 銵?  'div' ?曉 308 ??蝝?
?曉 308 銵???

???曉??頛???撠董?? 





<div class='announcement'>
<div class='alert alert-danger'>
<h4>
<i class='icon-exclamation bi
???曉??頛???撠董?? 



<div class='announcement'>
<div class='alert alert-danger'>
<h4>
<i class='icon-exclamation bigg
???曉??頛???撠董?? 


<div class='announcement'>
<div class='alert alert-danger'>
<h4>
<i class='icon-exclamation bigge
???曉??頛???撠董?? 

<div class='announcement'>
<div class='alert alert-danger'>
<h4>
<i class='icon-exclamation bigger
???曉??頛???撠董?? 撠董銝剖?撣單狡?芸?蝣箄?甈狡?芸???像撠董?桀?銵刻??桀?銵典?撣喳?”撣單????券?憪?隞踝?蝯??遢???亦??交狡撣單撠董???026/01/16 ~ 2026/01/31撅??敦???交狡??
  	.t3a83
???曉??頛???撠董?? 撠董銝剖?撣單狡?芸?蝣箄?甈狡?芸???像撠董?桀?銵刻??桀?銵典?撣喳?”撣單????券?憪?隞踝?蝯??遢???亦??交狡撣單撠董???026/01/16 ~ 2026/01/31撅??敦???交狡??
  	.t3a83
???曉??頛???撠董?? 撠董銝剖?撣單狡?芸?蝣箄?甈狡?芸???像撠董?桀?銵刻??桀?銵典?撣喳?”撣單????券?憪?隞踝?蝯??遢???亦??交狡撣單撠董???026/01/16 ~ 2026/01/31撅??敦???交狡??
  	.t3a83
???曉??頛???撠董?? 撠董?桀?銵典董????券?憪?隞踝?蝯??遢???亦??交狡撣單撠董???026/01/16 ~ 2026/01/31撅??敦???交狡??
  	.t3a83cd9b-b4bf-4e17-a844-b2630
???曉??頛???撠董?? 撠董???026/01/16 ~ 2026/01/31撅??敦???交狡??
  	.t3a83cd9b-b4bf-4e17-a844-b263009c5d20 {
	    color: #fff;

???曉??頛???撠董?? 撠董???026/01/01 ~ 2026/01/15撅??敦?交狡??
  	.td4de9ee3-d91c-4781-a781-78b9c99ec604 {
	    color: #fff;
	 
???曉??頛???撠董?? 撣單狡撌脩Ⅱ隤?  	.tbf4c56b5-f5ee-45f3-9971-72d2650f4f80 {
	    color: #222;
	    background: #fff;
	    bord
???曉??頛???撠董?? 銝?撠董?株??格?蝝啗祥?函蟡????曉??頛???撠董?? 銝?撠董?株??格?蝝????曉??頛???撠董?? 撠董???025/12/16 ~ 2025/12/31撅??敦?交狡??
  	.tec316114-ff5a-4dbe-aa0c-aa7613926cf4 {
	    color: #fff;
	 
???曉??頛???撠董?? 撣單狡撌脩Ⅱ隤?  	.t5f388582-88da-45de-bf71-56293d04d4b5 {
	    color: #222;
	    background: #fff;
	    bord
???曉??頛???撠董?? 銝?撠董?株??格?蝝啗祥?函蟡????曉??頛???撠董?? 銝?撠董?株??格?蝝????曉??頛???撠董?? 撠董???025/12/01 ~ 2025/12/15撅??敦?交狡??
  	.t1b12baaa-79f1-4a6b-9afe-f911e251d72b {
	    color: #fff;
	 
???曉??頛???撠董?? 撣單狡撌脩Ⅱ隤?  	.t85df3b81-ab36-45e7-84ce-1db7da977ad0 {
	    color: #222;
	    background: #fff;
	    bord
???曉??頛???撠董?? 銝?撠董?株??格?蝝啗祥?函蟡????曉??頛???撠董?? 銝?撠董?株??格?蝝????曉??頛???撠董?? 撠董???025/11/16 ~ 2025/11/30撅??敦?交狡??
  	.t1ed099ba-b294-4fe7-a6c1-6f1be8d7894b {
	    color: #fff;
	 
???曉??頛???撠董?? 撣單狡撌脩Ⅱ隤?  	.tf3c88811-dffc-413c-bc8b-cd0da032df35 {
	    color: #222;
	    background: #fff;
	    bord
???曉??頛???撠董?? 銝?撠董?株??格?蝝啗祥?函蟡????曉??頛???撠董?? 銝?撠董?株??格?蝝????曉??頛???撠董?? 撠董???025/11/01 ~ 2025/11/15撅??敦?交狡??
  	.t1834224c-83c0-4274-941f-5d95933be7c5 {
	    color: #fff;
	 
???曉??頛???撠董?? 撣單狡撌脩Ⅱ隤?  	.t3a233b8f-9308-4522-8208-fae9a6b16b78 {
	    color: #222;
	    background: #fff;
	    bord
???曉??頛???撠董?? 銝?撠董?株??格?蝝啗祥?函蟡????曉??頛???撠董?? 銝?撠董?株??格?蝝????曉??頛???撠董?? 撠董???025/10/16 ~ 2025/10/31撅??敦?交狡??
  	.t8b8dbf61-1e03-4536-b2ca-c2e8a5f75274 {
	    color: #fff;
	 
???曉??頛???撠董?? 撣單狡撌脩Ⅱ隤?  	.ta779ec75-5698-4d76-876b-3cd64d46e7af {
	    color: #222;
	    background: #fff;
	    bord
???曉??頛???撠董?? 銝?撠董?株??格?蝝啗祥?函蟡????曉??頛???撠董?? 銝?撠董?株??格?蝝????曉??頛???撠董?? 撠董???025/10/01 ~ 2025/10/15撅??敦?交狡??
  	.t2c8334ec-2a4a-4f21-85b9-504585e435f0 {
	    color: #fff;
	 
???曉??頛???撠董?? 撣單狡撌脩Ⅱ隤?  	.t4aa10962-d81f-4c50-97f4-6fa54a200bc9 {
	    color: #222;
	    background: #fff;
	    bord
???曉??頛???撠董?? 銝?撠董?株??格?蝝啗祥?函蟡????曉??頛???撠董?? 銝?撠董?株??格?蝝????曉??頛???撠董?? 撠董???025/09/16 ~ 2025/09/30撅??敦?交狡??
  	.td15d1dd8-9732-491c-972d-d559fa4709ee {
	    color: #fff;
	 
???曉??頛???撠董?? 撣單狡撌脩Ⅱ隤?  	.tfedf0afc-76f8-45ae-8842-4ed1c1f42cd9 {
	    color: #222;
	    background: #fff;
	    bord
???曉??頛???撠董?? 銝?撠董?株??格?蝝啗祥?函蟡????曉??頛???撠董?? 銝?撠董?株??格?蝝????曉??頛???撠董?? 撠董???025/09/01 ~ 2025/09/15撅??敦?交狡??
  	.t85b44499-6496-44ac-830b-4fd04c7f7dce {
	    color: #fff;
	 
???曉??頛???撠董?? 撣單狡撌脩Ⅱ隤?  	.t38755ff4-a96f-45d0-83ce-c890d39617b3 {
	    color: #222;
	    background: #fff;
	    bord
???曉??頛???撠董?? 銝?撠董?株??格?蝝啗祥?函蟡????曉??頛???撠董?? 銝?撠董?株??格?蝝????曉??頛???撠董?? 撠董???025/08/16 ~ 2025/08/31撅??敦?交狡??
  	.t4d0ba83e-b450-4f2c-85ef-bedf2a71a2ec {
	    color: #fff;
	 
???曉??頛???撠董?? 撣單狡撌脩Ⅱ隤?  	.t200142c7-5d09-4bbb-949a-2579493b7248 {
	    color: #222;
	    background: #fff;
	    bord
???曉??頛???撠董?? 銝?撠董?株??格?蝝啗祥?函蟡????曉??頛???撠董?? 銝?撠董?株??格?蝝????曉??頛???撠董?? 撠董???025/08/01 ~ 2025/08/15撅??敦?交狡??
  	.t83bcaea8-f949-4309-a371-84ea423e4d4d {
	    color: #fff;
	 
???曉??頛???撠董?? 撣單狡撌脩Ⅱ隤?  	.td872a172-421b-4cf5-b6ef-80204b5c343e {
	    color: #222;
	    background: #fff;
	    bord
???曉??頛???撠董?? 銝?撠董?株??格?蝝啗祥?函蟡????曉??頛???撠董?? 銝?撠董?株??格?蝝????芣?唬遙雿?銝?????撣喳

=== ??蝚?4 ?董??===
?? ?餃蝬脣?: https://drcinkshop.cyberbiz.co/admin
? 撣唾?: sunny.hsieh@starthem.com.tw
? 摨??迂: drcinkshop
?? ?脣?頝臬?: C:\trans\cyberbiz\
?? 瑼Ｘ?臬?誨??蝒?..
??撌脤??誨??蝒?(?寞?2: ????)
?? 蝘餃?曌??啣椰?港誑憿舐內?...
??撌脤??恣?葉敹???撌脤???撣喃葉敹?
??蝑?撠董銝剖????嚗?0蝘瘥?蝘???甈?..

?? ??蝚?1 ??0蝘儐??..
  ??撌脫???0 蝘??芣?唳???3蝘?????..
  ??撌脫???3 蝘??芣?唳???3蝘?????..
???曉銝?撠董?格????撌脣?頛?
?? ???交撌脤?摰?撠董?桀???..
?? ?嗅??交?: 2026撟???2??? ?隞予??2??> 15)嚗??交?祆? 1-15 ??獢?? ?格?: 撠蝚砌???銝?????撣喳

  'tr' ?曉 0 銵?  'div' ?曉 308 ??蝝?
?曉 308 銵???

???曉??頛???撠董?? 





<div class='announcement'>
<div class='alert alert-danger'>
<h4>
<i class='icon-exclamation bi
???曉??頛???撠董?? 



<div class='announcement'>
<div class='alert alert-danger'>
<h4>
<i class='icon-exclamation bigg
???曉??頛???撠董?? 


<div class='announcement'>
<div class='alert alert-danger'>
<h4>
<i class='icon-exclamation bigge
???曉??頛???撠董?? 

<div class='announcement'>
<div class='alert alert-danger'>
<h4>
<i class='icon-exclamation bigger
???曉??頛???撠董?? 撠董銝剖?撣單狡?芸?蝣箄?甈狡?芸???像撠董?桀?銵刻??桀?銵典?撣喳?”撣單????券?憪?隞踝?蝯??遢???亦??交狡撣單撠董???026/01/16 ~ 2026/01/31撅??敦???交狡??
  	.t35b7
???曉??頛???撠董?? 撠董銝剖?撣單狡?芸?蝣箄?甈狡?芸???像撠董?桀?銵刻??桀?銵典?撣喳?”撣單????券?憪?隞踝?蝯??遢???亦??交狡撣單撠董???026/01/16 ~ 2026/01/31撅??敦???交狡??
  	.t35b7
???曉??頛???撠董?? 撠董銝剖?撣單狡?芸?蝣箄?甈狡?芸???像撠董?桀?銵刻??桀?銵典?撣喳?”撣單????券?憪?隞踝?蝯??遢???亦??交狡撣單撠董???026/01/16 ~ 2026/01/31撅??敦???交狡??
  	.t35b7
???曉??頛???撠董?? 撠董?桀?銵典董????券?憪?隞踝?蝯??遢???亦??交狡撣單撠董???026/01/16 ~ 2026/01/31撅??敦???交狡??
  	.t35b75f84-54f1-405e-87e9-e2632
???曉??頛???撠董?? 撠董???026/01/16 ~ 2026/01/31撅??敦???交狡??
  	.t35b75f84-54f1-405e-87e9-e26326c31f29 {
	    color: #fff;

???曉??頛???撠董?? 撠董???026/01/01 ~ 2026/01/15撅??敦?交狡??
  	.t2e5507bf-f798-4253-9570-e7c27c6f9aff {
	    color: #fff;
	 
???曉??頛???撠董?? 撣單狡撌脩Ⅱ隤?  	.tee2c6f5e-9824-45ab-ba19-a47651e1f233 {
	    color: #222;
	    background: #fff;
	    bord
???曉??頛???撠董?? 銝?撠董?株??格?蝝啗祥?函蟡????曉??頛???撠董?? 銝?撠董?株??格?蝝????曉??頛???撠董?? 撠董???025/12/16 ~ 2025/12/31撅??敦?交狡??
  	.t451fb049-e5c6-4d3d-b2e4-8a5aebeb7464 {
	    color: #fff;
	 
???曉??頛???撠董?? 撣單狡撌脩Ⅱ隤?  	.t91614f4e-2ca6-4364-bf9d-1222b41bee33 {
	    color: #222;
	    background: #fff;
	    bord
???曉??頛???撠董?? 銝?撠董?株??格?蝝啗祥?函蟡????曉??頛???撠董?? 銝?撠董?株??格?蝝????曉??頛???撠董?? 撠董???025/12/01 ~ 2025/12/15撅??敦?交狡??
  	.t07d26c46-1ea4-4fbe-8bcc-1a60115d3dd9 {
	    color: #fff;
	 
???曉??頛???撠董?? 撣單狡撌脩Ⅱ隤?  	.t3704ed6e-589d-4a62-8bf6-3a1d6089f1dd {
	    color: #222;
	    background: #fff;
	    bord
???曉??頛???撠董?? 銝?撠董?株??格?蝝啗祥?函蟡????曉??頛???撠董?? 銝?撠董?株??格?蝝????曉??頛???撠董?? 撠董???025/11/16 ~ 2025/11/30撅??敦?交狡??
  	.t73e693c0-a708-4b98-887c-ded6868f5b48 {
	    color: #fff;
	 
???曉??頛???撠董?? 撣單狡撌脩Ⅱ隤?  	.tdaac4fe6-6603-43f4-8e11-9246984aa5e5 {
	    color: #222;
	    background: #fff;
	    bord
???曉??頛???撠董?? 銝?撠董?株??格?蝝啗祥?函蟡????曉??頛???撠董?? 銝?撠董?株??格?蝝????曉??頛???撠董?? 撠董???025/11/01 ~ 2025/11/15撅??敦?交狡??
  	.t1e815f52-1ad9-4343-9a15-ac2d4d41e0b9 {
	    color: #fff;
	 
???曉??頛???撠董?? 撣單狡撌脩Ⅱ隤?  	.t486f877d-d234-4257-91c6-604004ef65d0 {
	    color: #222;
	    background: #fff;
	    bord
???曉??頛???撠董?? 銝?撠董?株??格?蝝啗祥?函蟡????曉??頛???撠董?? 銝?撠董?株??格?蝝????曉??頛???撠董?? 撠董???025/10/16 ~ 2025/10/31撅??敦?交狡??
  	.t7a63f158-111f-4378-8f15-e742ca8febb2 {
	    color: #fff;
	 
???曉??頛???撠董?? 撣單狡撌脩Ⅱ隤?  	.t031a41b4-2e0c-4d70-979d-7e6b8e5d29b1 {
	    color: #222;
	    background: #fff;
	    bord
???曉??頛???撠董?? 銝?撠董?株??格?蝝啗祥?函蟡????曉??頛???撠董?? 銝?撠董?株??格?蝝????曉??頛???撠董?? 撠董???025/10/01 ~ 2025/10/15撅??敦?交狡??
  	.tf089b077-e781-4222-a5d2-5540cbe062de {
	    color: #fff;
	 
???曉??頛???撠董?? 撣單狡撌脩Ⅱ隤?  	.tc39ec854-2ac5-49ea-bc79-b8683053091b {
	    color: #222;
	    background: #fff;
	    bord
???曉??頛???撠董?? 銝?撠董?株??格?蝝啗祥?函蟡????曉??頛???撠董?? 銝?撠董?株??格?蝝????曉??頛???撠董?? 撠董???025/09/16 ~ 2025/09/30撅??敦?交狡??
  	.t00401600-35df-4952-ba46-86255ea57145 {
	    color: #fff;
	 
???曉??頛???撠董?? 撣單狡撌脩Ⅱ隤?  	.t272e4ab5-9831-45d2-821d-ca5607b59c3a {
	    color: #222;
	    background: #fff;
	    bord
???曉??頛???撠董?? 銝?撠董?株??格?蝝啗祥?函蟡????曉??頛???撠董?? 銝?撠董?株??格?蝝????曉??頛???撠董?? 撠董???025/09/01 ~ 2025/09/15撅??敦?交狡??
  	.t26626713-01dd-48e2-8654-5a8b05873053 {
	    color: #fff;
	 
???曉??頛???撠董?? 撣單狡撌脩Ⅱ隤?  	.tade821db-ec57-4ae7-9379-90905d848f58 {
	    color: #222;
	    background: #fff;
	    bord
???曉??頛???撠董?? 銝?撠董?株??格?蝝啗祥?函蟡????曉??頛???撠董?? 銝?撠董?株??格?蝝????曉??頛???撠董?? 撠董???025/08/16 ~ 2025/08/31撅??敦?交狡??
  	.ta84070a8-634e-4d4e-a660-27a09e4a5776 {
	    color: #fff;
	 
???曉??頛???撠董?? 撣單狡撌脩Ⅱ隤?  	.t5c787b2a-8bd3-4db5-8d8e-913e0c471a27 {
	    color: #222;
	    background: #fff;
	    bord
???曉??頛???撠董?? 銝?撠董?株??格?蝝啗祥?函蟡????曉??頛???撠董?? 銝?撠董?株??格?蝝????曉??頛???撠董?? 撠董???025/08/01 ~ 2025/08/15撅??敦?交狡??
  	.t97af956e-eb2f-4be0-bfd3-609b68e2a087 {
	    color: #fff;
	 
???曉??頛???撠董?? 撣單狡撌脩Ⅱ隤?  	.tcb5fd05c-5217-491e-abbe-8839b6203bde {
	    color: #222;
	    background: #fff;
	    bord
???曉??頛???撠董?? 銝?撠董?株??格?蝝啗祥?函蟡????曉??頛???撠董?? 銝?撠董?株??格?蝝????芣?唬遙雿?銝?????撣喳

=== ??蝚?5 ?董??===
?? ?餃蝬脣?: https://milamil.cyberbiz.co/admin
? 撣唾?: sunny.hsieh@starthem.com.tw
? 摨??迂: milamil
?? ?脣?頝臬?: C:\trans\cyberbiz\
?? 瑼Ｘ?臬?誨??蝒?..
??撌脤??誨??蝒?(?寞?2: ????)
?? 蝘餃?曌??啣椰?港誑憿舐內?...
??撌脤??恣?葉敹???撌脤???撣喃葉敹?
??蝑?撠董銝剖????嚗?0蝘瘥?蝘???甈?..

?? ??蝚?1 ??0蝘儐??..
  ??撌脫???0 蝘??芣?唳???3蝘?????..
  ??撌脫???3 蝘??芣?唳???3蝘?????..
???曉銝?撠董?格????撌脣?頛?
?? ???交撌脤?摰?撠董?桀???..
?? ?嗅??交?: 2026撟???2??? ?隞予??2??> 15)嚗??交?祆? 1-15 ??獢?? ?格?: 撠蝚砌???銝?????撣喳

  'tr' ?曉 0 銵?  'div' ?曉 310 ??蝝?
?曉 310 銵???

???曉??頛???撠董?? 





<div class='announcement'>
<div class='alert alert-danger'>
<h4>
<i class='icon-exclamation bi
???曉??頛???撠董?? 



<div class='announcement'>
<div class='alert alert-danger'>
<h4>
<i class='icon-exclamation bigg
???曉??頛???撠董?? 


<div class='announcement'>
<div class='alert alert-danger'>
<h4>
<i class='icon-exclamation bigge
???曉??頛???撠董?? 

<div class='announcement'>
<div class='alert alert-danger'>
<h4>
<i class='icon-exclamation bigger
???曉??頛???撠董?? 撠董銝剖?撣單狡?芸?蝣箄?甈狡?芸???像撠董?桀?銵刻??桀?銵典?撣喳?”撠?撣單狡?芰像鈭扎???蝜單狡??隢釣???乩蝙?函?銝像甈曆誑憭??孵?蝜喟?甈狡嚗??鈭箏極?賊雿平鞎臧T$800(甈∴??怎?)撣單????券?憪?隞踝?蝯????曉??頛???撠董?? 撠董銝剖?撣單狡?芸?蝣箄?甈狡?芸???像撠董?桀?銵刻??桀?銵典?撣喳?”撠?撣單狡?芰像鈭扎???蝜單狡??隢釣???乩蝙?函?銝像甈曆誑憭??孵?蝜喟?甈狡嚗??鈭箏極?賊雿平鞎臧T$800(甈∴??怎?)撣單????券?憪?隞踝?蝯????曉??頛???撠董?? 撠董銝剖?撣單狡?芸?蝣箄?甈狡?芸???像撠董?桀?銵刻??桀?銵典?撣喳?”撠?撣單狡?芰像鈭扎???蝜單狡??隢釣???乩蝙?函?銝像甈曆誑憭??孵?蝜喟?甈狡嚗??鈭箏極?賊雿平鞎臧T$800(甈∴??怎?)撣單????券?憪?隞踝?蝯????曉??頛???撠董?? 撠董?桀?銵典??董甈暹蝜喃漱????蝜單狡??隢釣???乩蝙?函?銝像甈曆誑憭??孵?蝜喟?甈狡嚗??鈭箏極?賊雿平鞎臧T$800(甈∴??怎?)撣單????券?憪?隞踝?蝯??遢???亦??交狡撣單撠董???026/01/16
???曉??頛???撠董?? 撠董???026/01/16 ~ 2026/01/31撅??敦???交狡??
  	.ta3167590-4c6c-4e43-9e5c-fa4607621d52 {
	    color: #fff;

???曉??頛???撠董?? 撠董???026/01/01 ~ 2026/01/15撅??敦?交狡??
  	.t4563f718-bf38-491b-b9cd-2a9aa37223aa {
	    color: #fff;
	 
???曉??頛???撠董?? 撣單狡撌脩Ⅱ隤?  	.tcb684eeb-39bd-4f8e-8465-8f2970ebbfd0 {
	    color: #222;
	    background: #fff;
	    bord
???曉??頛???撠董?? 銝?撠董?株??格?蝝啗祥?函蟡典歇蝜單狡 NT$0
???曉??頛???撠董?? 銝?撠董?株??格?蝝????曉??頛???撠董?? 撠董???025/12/16 ~ 2025/12/31撅??敦?交狡??
  	.t0837a51c-b174-448c-b98a-d4dfe95ede73 {
	    color: #fff;
	 
???曉??頛???撠董?? 撣單狡撌脩Ⅱ隤?  	.t6d8a9711-9448-4c83-abcf-083e08952eea {
	    color: #222;
	    background: #fff;
	    bord
???曉??頛???撠董?? 銝?撠董?株??格?蝝啗祥?函蟡????曉??頛???撠董?? 銝?撠董?株??格?蝝????曉??頛???撠董?? 撠董???025/12/01 ~ 2025/12/15撅??敦?交狡??
  	.t73670514-b55c-4fe9-9330-78b42fb4c305 {
	    color: #fff;
	 
???曉??頛???撠董?? 撣單狡撌脩Ⅱ隤?  	.t7c64ab63-8037-4426-ac44-505ad074c021 {
	    color: #222;
	    background: #fff;
	    bord
???曉??頛???撠董?? 銝?撠董?株??格?蝝啗祥?函蟡????曉??頛???撠董?? 銝?撠董?株??格?蝝????曉??頛???撠董?? 撠董???025/11/16 ~ 2025/11/30撅??敦?交狡??
  	.t3739b1c3-bf2e-49de-912f-81897b0fe250 {
	    color: #fff;
	 
???曉??頛???撠董?? 撣單狡撌脩Ⅱ隤?  	.te3c06932-370b-4830-8790-bad3db5fc0b2 {
	    color: #222;
	    background: #fff;
	    bord
???曉??頛???撠董?? 銝?撠董?株??格?蝝啗祥?函蟡????曉??頛???撠董?? 銝?撠董?株??格?蝝????曉??頛???撠董?? 撠董???025/11/01 ~ 2025/11/15撅??敦?交狡??
  	.t9d83a2bd-db9d-41a9-8959-cb650cca4c56 {
	    color: #fff;
	 
???曉??頛???撠董?? 撣單狡撌脩Ⅱ隤?  	.t4aed43a9-9d4f-4071-8940-4ea4ae316ea5 {
	    color: #222;
	    background: #fff;
	    bord
???曉??頛???撠董?? 銝?撠董?株??格?蝝啗祥?函蟡????曉??頛???撠董?? 銝?撠董?株??格?蝝????曉??頛???撠董?? 撠董???025/10/16 ~ 2025/10/31撅??敦?交狡??
  	.t391ad188-a749-44e4-ac1d-6210fff7ac92 {
	    color: #fff;
	 
???曉??頛???撠董?? 撣單狡撌脩Ⅱ隤?  	.tdf258e2a-a8e9-4c5f-a429-40e23ce970b0 {
	    color: #222;
	    background: #fff;
	    bord
???曉??頛???撠董?? 銝?撠董?株??格?蝝啗祥?函蟡????曉??頛???撠董?? 銝?撠董?株??格?蝝????曉??頛???撠董?? 撠董???025/10/01 ~ 2025/10/15撅??敦?交狡??
  	.t1a9b0dda-4a52-427e-a6ab-5a35026bd481 {
	    color: #fff;
	 
???曉??頛???撠董?? 撣單狡撌脩Ⅱ隤?  	.t3d5683bf-268e-40d3-bd85-841e4810e607 {
	    color: #222;
	    background: #fff;
	    bord
???曉??頛???撠董?? 銝?撠董?株??格?蝝啗祥?函蟡????曉??頛???撠董?? 銝?撠董?株??格?蝝????曉??頛???撠董?? 撠董???025/09/16 ~ 2025/09/30撅??敦?交狡??
  	.t93b13a5d-2a16-4a2d-abd9-43f5f1724232 {
	    color: #fff;
	 
???曉??頛???撠董?? 撣單狡撌脩Ⅱ隤?  	.t7a762fe0-f849-40c8-80fe-43e20cfe229f {
	    color: #222;
	    background: #fff;
	    bord
???曉??頛???撠董?? 銝?撠董?株??格?蝝啗祥?函蟡????曉??頛???撠董?? 銝?撠董?株??格?蝝????曉??頛???撠董?? 撠董???025/09/01 ~ 2025/09/15撅??敦?交狡??
  	.tdea4357d-7fdc-4810-b8d8-49a64a0c3212 {
	    color: #fff;
	 
???曉??頛???撠董?? 撣單狡撌脩Ⅱ隤?  	.tc5d48e66-b979-4332-b07f-7639d1b214dc {
	    color: #222;
	    background: #fff;
	    bord
???曉??頛???撠董?? 銝?撠董?株??格?蝝啗祥?函蟡????曉??頛???撠董?? 銝?撠董?株??格?蝝????曉??頛???撠董?? 撠董???025/08/16 ~ 2025/08/31撅??敦?交狡??
  	.ta57bc797-39a7-417c-91b7-9efbab2dee43 {
	    color: #fff;
	 
???曉??頛???撠董?? 撣單狡撌脩Ⅱ隤?  	.t35972c5a-1cf8-48fd-9c08-499f30fdb36e {
	    color: #222;
	    background: #fff;
	    bord
???曉??頛???撠董?? 銝?撠董?株??格?蝝啗祥?函蟡????曉??頛???撠董?? 銝?撠董?株??格?蝝????曉??頛???撠董?? 撠董???025/08/01 ~ 2025/08/15撅??敦?交狡??
  	.t33091270-7ba8-40f2-8fde-b2b35e69e662 {
	    color: #fff;
	 
???曉??頛???撠董?? 撣單狡撌脩Ⅱ隤?  	.t17b2e5a3-6e0c-4af5-95d5-4410b068ac16 {
	    color: #222;
	    background: #fff;
	    bord
???曉??頛???撠董?? 銝?撠董?株??格?蝝啗祥?函蟡????曉??頛???撠董?? 銝?撠董?株??格?蝝????芣?唬遙雿?銝?????撣喳
